>Test family TEST0003 @Other_Order [S:30,40]
GGTC
