<copyright header>
DR0000001.1 'Test family DR0000001': None len=-1
DR_Repeat1.1 'Test family DR_Repeat1': None len=-1
TEST0001.1 'Test family TEST0001': None len=-1
TEST0002.1 'None': None len=-1
TEST0003.1 'Test family TEST0003': None len=-1
TEST0004.1 'Test family TEST0004': None len=-1
