>Test family TEST0001 @root
ACGT
>Test family TEST0003 @Third_Clade [S:30,40]
GGTC
