<model3>
MS    TaxId:3 TaxName:Other_Order
CC    RepeatMasker Annotations:
CC         Type: 
CC         SubType: 
CC         Species: Other_Order
CC         SearchStages: 30,40
CC         BufferStages: 
