#   <copyright header>
<model1>
MS    TaxId:1 TaxName:root
CC    RepeatMasker Annotations:
CC         Type: 
CC         SubType: 
CC         Species: root
CC         SearchStages: 
CC         BufferStages: 
<model2>
MS    TaxId:2 TaxName:Clade_2
MS    TaxId:3 TaxName:Third_Clade
CC    RepeatMasker Annotations:
CC         Type: 
CC         SubType: 
CC         Species: Clade_2, Third_Clade
CC         SearchStages: 
CC         BufferStages: 
<model3>
MS    TaxId:3 TaxName:Third_Clade
CC    RepeatMasker Annotations:
CC         Type: 
CC         SubType: 
CC         Species: Third_Clade
CC         SearchStages: 30,40
CC         BufferStages: 
