2(0): root;Order [1]
4(1): root;Order;Genus [1]
6(1): root;Order;Genus;Species [1]
5(2): root;Order;Other Genus (Taxon in Partition 2, Partition File Not Found)
7(2): root;Order;Other Genus;Other Species (Taxon in Partition 2, Partition File Not Found)
