1 root [1]
├─2 Clade 2 [2]
└─3 Third Clade [2]
  ├─5 Drosophila <flies> [1]
  └─6 Drosophila <fungus> [1]
