1 entries in ancestors; 2 lineage-specific entries; found in partitions: 0;
