No results were found for that name, but some names sound similar:
5 ['scientific name', 'Other Genus'], ['common name', 'Leaf Dummy 5']
7 ['scientific name', 'Other Species'], ['common name', 'Leaf Dummy 7']
No species found for search term 'Other Geus'
