0 entries in ancestors; 3 lineage-specific entries; found in partitions: 0, 1;
