[{"id": 5, "names": [{"kind": "scientific name", "value": "Drosophila <flies>"}]}, {"id": 6, "names": [{"kind": "scientific name", "value": "Drosophila <fungus>"}]}]
