2 Clade 2 (scientific name)
3 Third Clade (scientific name)
