Exact Matches
=============
Taxon: 5, Partition: 2, Names: Other Genus (scientific name), Leaf Dummy 5 (common name)
